
> church-management-app@0.0.0 build
> vite build

[36mvite v5.4.21 [32mbuilding for production...[36m[39m
transforming...
[32mΓ£ô[39m 57 modules transformed.
node.exe : 
[31mx[39m Build 
failed in 768ms
At C:\Program Files\no
dejs\npm.ps1:29 char:3
+   & $NODE_EXE 
$NPM_CLI_JS $args
+   ~~~~~~~~~~~~~~~~~~
~~~~~~~~~~~
    + CategoryInfo    
          : NotSpeci  
  fied: ([31mx[39   
 m Build failed in    
 768ms:String) []    
, RemoteException
    + FullyQualifiedE 
   rrorId : NativeCo  
  mmandError
 
[31merror during 
build:
[31mCould not 
resolve 
"./AuthContext" from "
src/components/Protect
edRoute.jsx"[31m
file: [36mF:/React JS
/Church-management-app
/src/components/Protec
tedRoute.jsx[31m
    at getRollupError 
(file:///F:/React%20JS
/Church-management-app
/node_modules/rollup/d
ist/es/shared/parseAst
.js:402:41)
    at error (file:///
F:/React%20JS/Church-m
anagement-app/node_mod
ules/rollup/dist/es/sh
ared/parseAst.js:398:4
2)
    at ModuleLoader.ha
ndleInvalidResolvedId 
(file:///F:/React%20JS
/Church-management-app
/node_modules/rollup/d
ist/es/shared/node-ent
ry.js:21710:24)
    at file:///F:/Reac
t%20JS/Church-manageme
nt-app/node_modules/ro
llup/dist/es/shared/no
de-entry.js:21670:26[
39m
